// Jest Snapshot v1, https://goo.gl/fbAQLP

exports[`GridMovieList component renders correctly GridMovieList renders correctly 1`] = `
<article
  className="card"
>
  <img
    alt="Poster"
    height="75%"
    src="https://image.tmdb.org/t/p/original/59qyrVGLLtrcuFtJGdixzn7H4OI.jpg"
  />
  <div
    className="onHover"
  >
    <button
      aria-label="Watch"
      className="btnWatch"
      type="button"
    >
      <svg
        height="80px"
        viewBox="0 0 58 58"
        width="80px"
        x="0px"
        y="0px"
      >
        <circle
          cx="29"
          cy="29"
          r="29"
          style={
            Object {
              "fill": "#0aaee4",
            }
          }
        />
        <g>
          <polygon
            points="44,29 22,44 22,29.273 22,14"
            style={
              Object {
                "fill": "#fff",
              }
            }
          />
          <path
            d="M22,45c-0.16,0-0.321-0.038-0.467-0.116C21.205,44.711,21,44.371,21,44V14 c0-0.371,0.205-0.711,0.533-0.884c0.328-0.174,0.724-0.15,1.031,0.058l22,15C44.836,28.36,45,28.669,45,29s-0.164,0.64-0.437,0.826 l-22,15C22.394,44.941,22.197,45,22,45z M23,15.893v26.215L42.225,29L23,15.893z"
            style={
              Object {
                "fill": "#fff",
              }
            }
          />
        </g>
      </svg>
      <span>
         Watch Now 
      </span>
    </button>
    <button
      aria-label="View Info"
      className="btn transparentBtn"
      onClick={[Function]}
      type="button"
    >
      View Info
    </button>
  </div>
  <div
    className="info"
  >
    <div>
      <h3
        className="info_title"
      >
        Ð¢-34
      </h3>
      <p>
        <span
          className="genre"
          style={
            Object {
              "color": "#0aaee4",
              "fontSize": "0.8rem",
            }
          }
        >
          War
        </span>
        <span
          className="genre"
          style={
            Object {
              "color": "#0aaee4",
              "fontSize": "0.8rem",
            }
          }
        >
          Drama
        </span>
        <span
          className="genre"
          style={
            Object {
              "color": "#0aaee4",
              "fontSize": "0.8rem",
            }
          }
        >
          Adventure
        </span>
        <span
          className="genre"
          style={
            Object {
              "color": "#0aaee4",
              "fontSize": "0.8rem",
            }
          }
        >
          Action
        </span>
      </p>
    </div>
    <span
      className="numRating"
      style={
        Object {
          "color": "#0aaee4",
        }
      }
    >
      4.7
    </span>
  </div>
</article>
`;
