// Jest Snapshot v1, https://goo.gl/fbAQLP

exports[`StarRating component renders correctly StarRating renders correctly 1`] = `
Array [
  <div
    className="star starSelected"
  />,
  <div
    className="star starSelected"
  />,
  <div
    className="star starSelected"
  />,
  <div
    className="star starSelected"
  />,
  <div
    className="star starSelected"
  />,
]
`;
