// Jest Snapshot v1, https://goo.gl/fbAQLP

exports[`Header component renders correctly Header renders correctly 1`] = `
<header
  className="header"
>
  <div
    className="container"
  >
    <h1>
      <a
        className="logo"
        href="/"
      >
        Films
      </a>
    </h1>
    <Memo(ConnectFunction) />
  </div>
</header>
`;
