// Jest Snapshot v1, https://goo.gl/fbAQLP

exports[`Spinner component renders correctly Spinner renders correctly 1`] = `
<div
  className="spinner"
>
  <div
    className="spinner_ellipsis"
  >
    <div />
    <div />
    <div />
    <div />
  </div>
  <h3
    className="spinner_title"
  >
    Loading
  </h3>
</div>
`;
