// Jest Snapshot v1, https://goo.gl/fbAQLP

exports[`Footer component renders correctly Footer renders correctly 1`] = `
<footer
  className="footer"
>
  <h2
    className="footer_logo"
  >
    Films
  </h2>
  <p
    className="footer_copyright"
  >
    Copyright Â© 2019 FILMS. DZMITRY
  </p>
</footer>
`;
